#! /c/Source/iverilog-install/bin/vvp
:ivl_version "12.0 (devel)" "(s20150603-1539-g2693dd32b)";
:ivl_delay_selection "TYPICAL";
:vpi_time_precision - 12;
:vpi_module "C:\iverilog\lib\ivl\system.vpi";
:vpi_module "C:\iverilog\lib\ivl\vhdl_sys.vpi";
:vpi_module "C:\iverilog\lib\ivl\vhdl_textio.vpi";
:vpi_module "C:\iverilog\lib\ivl\v2005_math.vpi";
:vpi_module "C:\iverilog\lib\ivl\va_math.vpi";
:vpi_module "C:\iverilog\lib\ivl\v2009.vpi";
S_00000223fe4744a0 .scope package, "$unit" "$unit" 2 1;
 .timescale 0 0;
S_00000223fe474630 .scope module, "tb_lab6" "tb_lab6" 3 3;
 .timescale -9 -12;
P_00000223fe498a90 .param/l "CLK_HZ" 1 3 6, +C4<00000000100110001001011010000000>;
v00000223fe521b30_0 .net "adc_cs_n", 0 0, v00000223fe51a450_0;  1 drivers
v00000223fe521a90_0 .net "adc_din", 0 0, v00000223fe51aef0_0;  1 drivers
v00000223fe520af0_0 .var "adc_dout", 0 0;
v00000223fe520eb0_0 .net "adc_sclk", 0 0, v00000223fe51bd50_0;  1 drivers
v00000223fe521c70_0 .var "adc_shift_out", 15 0;
v00000223fe521590_0 .var "clk", 0 0;
v00000223fe521db0_0 .var/i "dac_cnt", 31 0;
v00000223fe5220d0_0 .net "dac_din", 0 0, v00000223fe51a130_0;  1 drivers
v00000223fe5205f0_0 .net "dac_sclk", 0 0, v00000223fe51ab30_0;  1 drivers
v00000223fe520690_0 .var "dac_shift_in", 15 0;
v00000223fe5218b0_0 .net "dac_sync_n", 0 0, v00000223fe51b350_0;  1 drivers
v00000223fe521ef0_0 .var "last_dac_code", 11 0;
v00000223fe521d10_0 .var "rst_n", 0 0;
v00000223fe520f50_0 .net "uart_tx", 0 0, v00000223fe51c460_0;  1 drivers
E_00000223fe499890 .event posedge, v00000223fe4a63e0_0;
E_00000223fe498f50 .event negedge, v00000223fe51bd50_0;
E_00000223fe498f90 .event negedge, v00000223fe51a450_0;
E_00000223fe499950 .event posedge, v00000223fe51b350_0;
E_00000223fe499790 .event posedge, v00000223fe51ab30_0;
E_00000223fe4997d0 .event negedge, v00000223fe51b350_0;
S_00000223fe480950 .scope module, "dut" "lab6_top" 3 29, 4 1 0, S_00000223fe474630;
 .timescale -9 -12;
    .port_info 0 /INPUT 1 "clk";
    .port_info 1 /INPUT 1 "rst_n";
    .port_info 2 /OUTPUT 1 "dac_sync_n";
    .port_info 3 /OUTPUT 1 "dac_sclk";
    .port_info 4 /OUTPUT 1 "dac_din";
    .port_info 5 /OUTPUT 1 "adc_cs_n";
    .port_info 6 /OUTPUT 1 "adc_sclk";
    .port_info 7 /OUTPUT 1 "adc_din";
    .port_info 8 /INPUT 1 "adc_dout";
    .port_info 9 /OUTPUT 1 "uart_tx";
P_00000223fe45fa70 .param/l "ADC_CPHA" 0 4 19, +C4<00000000000000000000000000000000>;
P_00000223fe45faa8 .param/l "ADC_MSB_SHIFT" 0 4 13, +C4<00000000000000000000000000000100>;
P_00000223fe45fae0 .param/l "BAUD" 0 4 5, +C4<00000000000011110100001001000000>;
P_00000223fe45fb18 .param/l "CLK_HZ" 0 4 3, +C4<00000000100110001001011010000000>;
P_00000223fe45fb50 .param/l "DAC_CPHA" 0 4 17, +C4<00000000000000000000000000000001>;
P_00000223fe45fb88 .param/l "DAC_CTRL" 0 4 10, C4<0011>;
P_00000223fe45fbc0 .param/l "DECIM_W" 1 4 197, +C4<00000000000000000000000000000001>;
P_00000223fe45fbf8 .param/l "SAMPLE_CNT_W" 1 4 78, +C4<00000000000000000000000000001101>;
P_00000223fe45fc30 .param/l "SAMPLE_DIV" 1 4 77, +C4<00000000000000000001001110001000>;
P_00000223fe45fc68 .param/l "SAMPLE_HZ" 0 4 6, +C4<00000000000000000000011111010000>;
P_00000223fe45fca0 .param/l "SETTLE_CYCLES" 1 4 193, +C4<00000000000000000000000000001010>;
P_00000223fe45fcd8 .param/l "SETTLE_W" 1 4 194, +C4<00000000000000000000000000000100>;
P_00000223fe45fd10 .param/l "SPI_HZ" 0 4 4, +C4<00000000000011110100001001000000>;
P_00000223fe45fd48 .param/l "S_ADC" 1 4 188, C4<011>;
P_00000223fe45fd80 .param/l "S_DAC" 1 4 186, C4<001>;
P_00000223fe45fdb8 .param/l "S_IDLE" 1 4 185, C4<000>;
P_00000223fe45fdf0 .param/l "S_LATCH" 1 4 189, C4<100>;
P_00000223fe45fe28 .param/l "S_SETTLE" 1 4 187, C4<010>;
P_00000223fe45fe60 .param/l "UART_DECIM" 0 4 7, +C4<00000000000000000000000000000001>;
v00000223fe51ce60_0 .net *"_ivl_2", 15 0, L_00000223fe520370;  1 drivers
v00000223fe51d900_0 .net *"_ivl_4", 11 0, L_00000223fe522170;  1 drivers
L_00000223fe5224a0 .functor BUFT 1, C4<0000>, C4<0>, C4<0>, C4<0>;
v00000223fe51d7c0_0 .net *"_ivl_6", 3 0, L_00000223fe5224a0;  1 drivers
v00000223fe51da40_0 .net "adc_aligned", 11 0, L_00000223fe522030;  1 drivers
v00000223fe51d040_0 .var "adc_code", 11 0;
v00000223fe51cfa0_0 .net "adc_cs_n", 0 0, v00000223fe51a450_0;  alias, 1 drivers
v00000223fe51cb40_0 .net "adc_din", 0 0, v00000223fe51aef0_0;  alias, 1 drivers
v00000223fe51df40_0 .net "adc_dout", 0 0, v00000223fe520af0_0;  1 drivers
v00000223fe51d400_0 .net "adc_sclk", 0 0, v00000223fe51bd50_0;  alias, 1 drivers
v00000223fe51d220_0 .net "clk", 0 0, v00000223fe521590_0;  1 drivers
v00000223fe51d2c0_0 .net "cosine_o", 11 0, v00000223fe4a68e0_0;  1 drivers
v00000223fe51dc20_0 .var "dac_code", 11 0;
v00000223fe51d4a0_0 .net "dac_din", 0 0, v00000223fe51a130_0;  alias, 1 drivers
v00000223fe51c280_0 .net "dac_sclk", 0 0, v00000223fe51ab30_0;  alias, 1 drivers
v00000223fe51cbe0_0 .net "dac_sync_n", 0 0, v00000223fe51b350_0;  alias, 1 drivers
v00000223fe51cdc0_0 .net "data_valid_o", 0 0, v00000223fe4a6fc0_0;  1 drivers
v00000223fe51dd60_0 .var "decim_cnt", 0 0;
v00000223fe51d860_0 .net "hex_busy", 0 0, v00000223fe4a71a0_0;  1 drivers
v00000223fe51d9a0_0 .var "hex_start", 0 0;
v00000223fe51d0e0_0 .var "hex_value", 11 0;
v00000223fe51db80_0 .net "phase_out_o", 26 0, v00000223fe4a6980_0;  1 drivers
v00000223fe51dfe0_0 .net "rst_n", 0 0, v00000223fe521d10_0;  1 drivers
v00000223fe51caa0_0 .var "sample_cnt", 12 0;
v00000223fe51cd20_0 .var "sample_tick", 0 0;
v00000223fe51c3c0_0 .var "settle_cnt", 3 0;
v00000223fe51c500_0 .net "sine_o", 11 0, v00000223fe4a7060_0;  1 drivers
v00000223fe51c140_0 .net "spi_adc_busy", 0 0, v00000223fe51be90_0;  1 drivers
v00000223fe51cc80_0 .net "spi_adc_done", 0 0, v00000223fe51bcb0_0;  1 drivers
v00000223fe51c320_0 .net "spi_adc_rx", 15 0, v00000223fe51abd0_0;  1 drivers
v00000223fe51c640_0 .var "spi_adc_start", 0 0;
v00000223fe51c780_0 .var "spi_adc_tx", 15 0;
v00000223fe51d180_0 .net "spi_dac_busy", 0 0, v00000223fe51b030_0;  1 drivers
v00000223fe51c8c0_0 .net "spi_dac_done", 0 0, v00000223fe51a810_0;  1 drivers
v00000223fe51c960_0 .var "spi_dac_start", 0 0;
v00000223fe51ca00_0 .var "spi_dac_tx", 15 0;
v00000223fe51d360_0 .var "state", 2 0;
v00000223fe520550_0 .net "uart_data", 7 0, v00000223fe51bad0_0;  1 drivers
v00000223fe520cd0_0 .net "uart_ready", 0 0, L_00000223fe4a9760;  1 drivers
v00000223fe521f90_0 .net "uart_tx", 0 0, v00000223fe51c460_0;  alias, 1 drivers
v00000223fe521bd0_0 .net "uart_valid", 0 0, v00000223fe51b990_0;  1 drivers
L_00000223fe522170 .part v00000223fe51abd0_0, 4, 12;
L_00000223fe520370 .concat [ 12 4 0 0], L_00000223fe522170, L_00000223fe5224a0;
L_00000223fe522030 .part L_00000223fe520370, 0, 12;
S_00000223fe480ae0 .scope function.vec4.u32, "clog2" "clog2" 4 42, 4 42 0, S_00000223fe480950;
 .timescale -9 -12;
; Variable clog2 is vec4 return value of scope S_00000223fe480ae0
v00000223fe4a67a0_0 .var/i "i", 31 0;
v00000223fe4a6de0_0 .var/i "value", 31 0;
TD_tb_lab6.dut.clog2 ;
    %load/vec4 v00000223fe4a6de0_0;
    %cmpi/s 1, 0, 32;
    %flag_or 5, 4;
    %jmp/0xz  T_0.0, 5;
    %pushi/vec4 1, 0, 32;
    %ret/vec4 0, 0, 32;  Assign to clog2 (store_vec4_to_lval)
    %jmp T_0.1;
T_0.0 ;
    %load/vec4 v00000223fe4a6de0_0;
    %subi 1, 0, 32;
    %store/vec4 v00000223fe4a6de0_0, 0, 32;
    %pushi/vec4 0, 0, 32;
    %store/vec4 v00000223fe4a67a0_0, 0, 32;
T_0.2 ;
    %load/vec4 v00000223fe4a6de0_0;
    %cmpi/s 0, 0, 32;
    %flag_or 5, 4; GT is !LE
    %flag_inv 5;
    %jmp/0xz T_0.3, 5;
    %load/vec4 v00000223fe4a6de0_0;
    %ix/load 4, 1, 0;
    %flag_set/imm 4, 0;
    %shiftr 4;
    %store/vec4 v00000223fe4a6de0_0, 0, 32;
    %load/vec4 v00000223fe4a67a0_0;
    %addi 1, 0, 32;
    %store/vec4 v00000223fe4a67a0_0, 0, 32;
    %jmp T_0.2;
T_0.3 ;
    %load/vec4 v00000223fe4a67a0_0;
    %ret/vec4 0, 0, 32;  Assign to clog2 (store_vec4_to_lval)
T_0.1 ;
    %end;
S_00000223fe440490 .scope module, "dds_u" "DDS_II_Top" 4 65, 3 103 0, S_00000223fe480950;
 .timescale -9 -12;
    .port_info 0 /INPUT 1 "clk_i";
    .port_info 1 /INPUT 1 "rst_n_i";
    .port_info 2 /OUTPUT 27 "phase_out_o";
    .port_info 3 /OUTPUT 12 "cosine_o";
    .port_info 4 /OUTPUT 12 "sine_o";
    .port_info 5 /OUTPUT 1 "data_valid_o";
v00000223fe4a63e0_0 .net "clk_i", 0 0, v00000223fe521590_0;  alias, 1 drivers
v00000223fe4a6840_0 .var "cnt", 11 0;
v00000223fe4a68e0_0 .var "cosine_o", 11 0;
v00000223fe4a6fc0_0 .var "data_valid_o", 0 0;
v00000223fe4a6980_0 .var "phase_out_o", 26 0;
v00000223fe4a6e80_0 .net "rst_n_i", 0 0, v00000223fe521d10_0;  alias, 1 drivers
v00000223fe4a7060_0 .var "sine_o", 11 0;
E_00000223fe499a90/0 .event negedge, v00000223fe4a6e80_0;
E_00000223fe499a90/1 .event posedge, v00000223fe4a63e0_0;
E_00000223fe499a90 .event/or E_00000223fe499a90/0, E_00000223fe499a90/1;
S_00000223fe440620 .scope module, "sender" "uart_send_hex12_line" 4 171, 5 1 0, S_00000223fe480950;
 .timescale -9 -12;
    .port_info 0 /INPUT 1 "clk";
    .port_info 1 /INPUT 1 "rst_n";
    .port_info 2 /INPUT 1 "start";
    .port_info 3 /INPUT 12 "value12";
    .port_info 4 /OUTPUT 1 "busy";
    .port_info 5 /INPUT 1 "uart_ready";
    .port_info 6 /OUTPUT 1 "uart_valid";
    .port_info 7 /OUTPUT 8 "uart_data";
P_00000223fe4407b0 .param/l "H0" 1 5 21, C4<100>;
P_00000223fe4407e8 .param/l "H1" 1 5 21, C4<011>;
P_00000223fe440820 .param/l "H2" 1 5 21, C4<010>;
P_00000223fe440858 .param/l "H3" 1 5 21, C4<001>;
P_00000223fe440890 .param/l "IDLE" 1 5 21, C4<000>;
P_00000223fe4408c8 .param/l "NL" 1 5 21, C4<101>;
v00000223fe4a71a0_0 .var "busy", 0 0;
v00000223fe4a6340_0 .net "clk", 0 0, v00000223fe521590_0;  alias, 1 drivers
v00000223fe4a6480_0 .var "lat", 11 0;
v00000223fe4a6520_0 .net "rst_n", 0 0, v00000223fe521d10_0;  alias, 1 drivers
v00000223fe4a65c0_0 .var "st", 2 0;
v00000223fe51a3b0_0 .net "start", 0 0, v00000223fe51d9a0_0;  1 drivers
v00000223fe51bad0_0 .var "uart_data", 7 0;
v00000223fe51adb0_0 .net "uart_ready", 0 0, L_00000223fe4a9760;  alias, 1 drivers
v00000223fe51b990_0 .var "uart_valid", 0 0;
v00000223fe51af90_0 .net "value12", 11 0, v00000223fe51d0e0_0;  1 drivers
S_00000223fe402d00 .scope function.vec4.s8, "nib2ascii" "nib2ascii" 5 13, 5 13 0, S_00000223fe440620;
 .timescale -9 -12;
v00000223fe4a7240_0 .var "n", 3 0;
; Variable nib2ascii is vec4 return value of scope S_00000223fe402d00
TD_tb_lab6.dut.sender.nib2ascii ;
    %load/vec4 v00000223fe4a7240_0;
    %cmpi/u 10, 0, 4;
    %jmp/0xz  T_1.4, 5;
    %pushi/vec4 48, 0, 8;
    %load/vec4 v00000223fe4a7240_0;
    %pad/u 8;
    %add;
    %ret/vec4 0, 0, 8;  Assign to nib2ascii (store_vec4_to_lval)
    %jmp T_1.5;
T_1.4 ;
    %pushi/vec4 55, 0, 8;
    %load/vec4 v00000223fe4a7240_0;
    %pad/u 8;
    %add;
    %ret/vec4 0, 0, 8;  Assign to nib2ascii (store_vec4_to_lval)
T_1.5 ;
    %end;
S_00000223fe402e90 .scope module, "spi_adc" "spi_master_mode0" 4 134, 6 1 0, S_00000223fe480950;
 .timescale -9 -12;
    .port_info 0 /INPUT 1 "clk";
    .port_info 1 /INPUT 1 "rst_n";
    .port_info 2 /INPUT 1 "start";
    .port_info 3 /INPUT 16 "tx_data";
    .port_info 4 /INPUT 1 "miso";
    .port_info 5 /OUTPUT 1 "mosi";
    .port_info 6 /OUTPUT 1 "sclk";
    .port_info 7 /OUTPUT 1 "cs_n";
    .port_info 8 /OUTPUT 1 "busy";
    .port_info 9 /OUTPUT 1 "done";
    .port_info 10 /OUTPUT 16 "rx_data";
P_00000223fe480c70 .param/l "BITS" 0 6 4, +C4<00000000000000000000000000010000>;
P_00000223fe480ca8 .param/l "CLK_HZ" 0 6 2, +C4<00000000100110001001011010000000>;
P_00000223fe480ce0 .param/l "CPHA" 0 6 5, +C4<00000000000000000000000000000000>;
P_00000223fe480d18 .param/l "DIV" 1 6 36, +C4<00000000000000000000000000000101>;
P_00000223fe480d50 .param/l "DIV_W" 1 6 37, +C4<00000000000000000000000000000011>;
P_00000223fe480d88 .param/l "SPI_HZ" 0 6 3, +C4<00000000000011110100001001000000>;
v00000223fe51ac70_0 .net *"_ivl_0", 31 0, L_00000223fe5214f0;  1 drivers
L_00000223fe522410 .functor BUFT 1, C4<00000000000000000000000000000>, C4<0>, C4<0>, C4<0>;
v00000223fe51a270_0 .net *"_ivl_3", 28 0, L_00000223fe522410;  1 drivers
L_00000223fe522458 .functor BUFT 1, C4<00000000000000000000000000000100>, C4<0>, C4<0>, C4<0>;
v00000223fe51b710_0 .net/2u *"_ivl_4", 31 0, L_00000223fe522458;  1 drivers
v00000223fe51bb70_0 .var "bit_idx", 3 0;
v00000223fe51be90_0 .var "busy", 0 0;
v00000223fe51ad10_0 .net "clk", 0 0, v00000223fe521590_0;  alias, 1 drivers
v00000223fe51a450_0 .var "cs_n", 0 0;
v00000223fe51b2b0_0 .var "div_cnt", 2 0;
v00000223fe51bcb0_0 .var "done", 0 0;
v00000223fe51ba30_0 .var "finish_pending", 0 0;
v00000223fe51ae50_0 .net "miso", 0 0, v00000223fe520af0_0;  alias, 1 drivers
v00000223fe51aef0_0 .var "mosi", 0 0;
v00000223fe51bc10_0 .net "rst_n", 0 0, v00000223fe521d10_0;  alias, 1 drivers
v00000223fe51abd0_0 .var "rx_data", 15 0;
v00000223fe51b170_0 .var "rx_shift", 15 0;
v00000223fe51bd50_0 .var "sclk", 0 0;
v00000223fe51aa90_0 .net "start", 0 0, v00000223fe51c640_0;  1 drivers
v00000223fe51a630_0 .net "tick", 0 0, L_00000223fe521270;  1 drivers
v00000223fe51bdf0_0 .net "tx_data", 15 0, v00000223fe51c780_0;  1 drivers
v00000223fe51bf30_0 .var "tx_shift", 15 0;
L_00000223fe5214f0 .concat [ 3 29 0 0], v00000223fe51b2b0_0, L_00000223fe522410;
L_00000223fe521270 .cmp/eq 32, L_00000223fe5214f0, L_00000223fe522458;
S_00000223fe4ed570 .scope function.vec4.u32, "clog2" "clog2" 6 20, 6 20 0, S_00000223fe402e90;
 .timescale -9 -12;
; Variable clog2 is vec4 return value of scope S_00000223fe4ed570
v00000223fe51a6d0_0 .var/i "i", 31 0;
v00000223fe51b8f0_0 .var/i "value", 31 0;
TD_tb_lab6.dut.spi_adc.clog2 ;
    %load/vec4 v00000223fe51b8f0_0;
    %cmpi/s 1, 0, 32;
    %flag_or 5, 4;
    %jmp/0xz  T_2.6, 5;
    %pushi/vec4 1, 0, 32;
    %ret/vec4 0, 0, 32;  Assign to clog2 (store_vec4_to_lval)
    %jmp T_2.7;
T_2.6 ;
    %load/vec4 v00000223fe51b8f0_0;
    %subi 1, 0, 32;
    %store/vec4 v00000223fe51b8f0_0, 0, 32;
    %pushi/vec4 0, 0, 32;
    %store/vec4 v00000223fe51a6d0_0, 0, 32;
T_2.8 ;
    %load/vec4 v00000223fe51b8f0_0;
    %cmpi/s 0, 0, 32;
    %flag_or 5, 4; GT is !LE
    %flag_inv 5;
    %jmp/0xz T_2.9, 5;
    %load/vec4 v00000223fe51b8f0_0;
    %ix/load 4, 1, 0;
    %flag_set/imm 4, 0;
    %shiftr 4;
    %store/vec4 v00000223fe51b8f0_0, 0, 32;
    %load/vec4 v00000223fe51a6d0_0;
    %addi 1, 0, 32;
    %store/vec4 v00000223fe51a6d0_0, 0, 32;
    %jmp T_2.8;
T_2.9 ;
    %load/vec4 v00000223fe51a6d0_0;
    %ret/vec4 0, 0, 32;  Assign to clog2 (store_vec4_to_lval)
T_2.7 ;
    %end;
S_00000223fe4ed700 .scope module, "spi_dac" "spi_master_mode0" 4 110, 6 1 0, S_00000223fe480950;
 .timescale -9 -12;
    .port_info 0 /INPUT 1 "clk";
    .port_info 1 /INPUT 1 "rst_n";
    .port_info 2 /INPUT 1 "start";
    .port_info 3 /INPUT 16 "tx_data";
    .port_info 4 /INPUT 1 "miso";
    .port_info 5 /OUTPUT 1 "mosi";
    .port_info 6 /OUTPUT 1 "sclk";
    .port_info 7 /OUTPUT 1 "cs_n";
    .port_info 8 /OUTPUT 1 "busy";
    .port_info 9 /OUTPUT 1 "done";
    .port_info 10 /OUTPUT 16 "rx_data";
P_00000223fe4747c0 .param/l "BITS" 0 6 4, +C4<00000000000000000000000000010000>;
P_00000223fe4747f8 .param/l "CLK_HZ" 0 6 2, +C4<00000000100110001001011010000000>;
P_00000223fe474830 .param/l "CPHA" 0 6 5, +C4<00000000000000000000000000000001>;
P_00000223fe474868 .param/l "DIV" 1 6 36, +C4<00000000000000000000000000000101>;
P_00000223fe4748a0 .param/l "DIV_W" 1 6 37, +C4<00000000000000000000000000000011>;
P_00000223fe4748d8 .param/l "SPI_HZ" 0 6 3, +C4<00000000000011110100001001000000>;
v00000223fe51b0d0_0 .net *"_ivl_0", 31 0, L_00000223fe521810;  1 drivers
L_00000223fe522338 .functor BUFT 1, C4<00000000000000000000000000000>, C4<0>, C4<0>, C4<0>;
v00000223fe51bfd0_0 .net *"_ivl_3", 28 0, L_00000223fe522338;  1 drivers
L_00000223fe522380 .functor BUFT 1, C4<00000000000000000000000000000100>, C4<0>, C4<0>, C4<0>;
v00000223fe51a590_0 .net/2u *"_ivl_4", 31 0, L_00000223fe522380;  1 drivers
v00000223fe51b670_0 .var "bit_idx", 3 0;
v00000223fe51b030_0 .var "busy", 0 0;
v00000223fe51a770_0 .net "clk", 0 0, v00000223fe521590_0;  alias, 1 drivers
v00000223fe51b350_0 .var "cs_n", 0 0;
v00000223fe51b490_0 .var "div_cnt", 2 0;
v00000223fe51a810_0 .var "done", 0 0;
v00000223fe51a310_0 .var "finish_pending", 0 0;
L_00000223fe5223c8 .functor BUFT 1, C4<0>, C4<0>, C4<0>, C4<0>;
v00000223fe51b3f0_0 .net "miso", 0 0, L_00000223fe5223c8;  1 drivers
v00000223fe51a130_0 .var "mosi", 0 0;
v00000223fe51a1d0_0 .net "rst_n", 0 0, v00000223fe521d10_0;  alias, 1 drivers
v00000223fe51a8b0_0 .var "rx_data", 15 0;
v00000223fe51b850_0 .var "rx_shift", 15 0;
v00000223fe51ab30_0 .var "sclk", 0 0;
v00000223fe51a950_0 .net "start", 0 0, v00000223fe51c960_0;  1 drivers
v00000223fe51a9f0_0 .net "tick", 0 0, L_00000223fe521e50;  1 drivers
v00000223fe51b530_0 .net "tx_data", 15 0, v00000223fe51ca00_0;  1 drivers
v00000223fe51d540_0 .var "tx_shift", 15 0;
L_00000223fe521810 .concat [ 3 29 0 0], v00000223fe51b490_0, L_00000223fe522338;
L_00000223fe521e50 .cmp/eq 32, L_00000223fe521810, L_00000223fe522380;
S_00000223fe4ed890 .scope function.vec4.u32, "clog2" "clog2" 6 20, 6 20 0, S_00000223fe4ed700;
 .timescale -9 -12;
; Variable clog2 is vec4 return value of scope S_00000223fe4ed890
v00000223fe51b7b0_0 .var/i "i", 31 0;
v00000223fe51a4f0_0 .var/i "value", 31 0;
TD_tb_lab6.dut.spi_dac.clog2 ;
    %load/vec4 v00000223fe51a4f0_0;
    %cmpi/s 1, 0, 32;
    %flag_or 5, 4;
    %jmp/0xz  T_3.10, 5;
    %pushi/vec4 1, 0, 32;
    %ret/vec4 0, 0, 32;  Assign to clog2 (store_vec4_to_lval)
    %jmp T_3.11;
T_3.10 ;
    %load/vec4 v00000223fe51a4f0_0;
    %subi 1, 0, 32;
    %store/vec4 v00000223fe51a4f0_0, 0, 32;
    %pushi/vec4 0, 0, 32;
    %store/vec4 v00000223fe51b7b0_0, 0, 32;
T_3.12 ;
    %load/vec4 v00000223fe51a4f0_0;
    %cmpi/s 0, 0, 32;
    %flag_or 5, 4; GT is !LE
    %flag_inv 5;
    %jmp/0xz T_3.13, 5;
    %load/vec4 v00000223fe51a4f0_0;
    %ix/load 4, 1, 0;
    %flag_set/imm 4, 0;
    %shiftr 4;
    %store/vec4 v00000223fe51a4f0_0, 0, 32;
    %load/vec4 v00000223fe51b7b0_0;
    %addi 1, 0, 32;
    %store/vec4 v00000223fe51b7b0_0, 0, 32;
    %jmp T_3.12;
T_3.13 ;
    %load/vec4 v00000223fe51b7b0_0;
    %ret/vec4 0, 0, 32;  Assign to clog2 (store_vec4_to_lval)
T_3.11 ;
    %end;
S_00000223fe4eda20 .scope module, "uart0" "uart_tx_8n1" 4 158, 7 1 0, S_00000223fe480950;
 .timescale -9 -12;
    .port_info 0 /INPUT 1 "clk";
    .port_info 1 /INPUT 1 "rst_n";
    .port_info 2 /INPUT 8 "data";
    .port_info 3 /INPUT 1 "valid";
    .port_info 4 /OUTPUT 1 "ready";
    .port_info 5 /OUTPUT 1 "tx";
P_00000223fe403020 .param/l "BAUD" 0 7 3, +C4<00000000000011110100001001000000>;
P_00000223fe403058 .param/l "BIT_DIV" 1 7 28, +C4<00000000000000000000000000001010>;
P_00000223fe403090 .param/l "BIT_W" 1 7 29, +C4<00000000000000000000000000000100>;
P_00000223fe4030c8 .param/l "CLK_HZ" 0 7 2, +C4<00000000100110001001011010000000>;
L_00000223fe4a9760 .functor NOT 1, v00000223fe51dea0_0, C4<0>, C4<0>, C4<0>;
v00000223fe51c820_0 .var "bit_cnt", 3 0;
v00000223fe51c1e0_0 .var "bit_pos", 3 0;
v00000223fe51dea0_0 .var "busy", 0 0;
v00000223fe51d680_0 .net "clk", 0 0, v00000223fe521590_0;  alias, 1 drivers
v00000223fe51d720_0 .net "data", 7 0, v00000223fe51bad0_0;  alias, 1 drivers
v00000223fe51c5a0_0 .net "ready", 0 0, L_00000223fe4a9760;  alias, 1 drivers
v00000223fe51dae0_0 .net "rst_n", 0 0, v00000223fe521d10_0;  alias, 1 drivers
v00000223fe51dcc0_0 .var "shreg", 9 0;
v00000223fe51c460_0 .var "tx", 0 0;
v00000223fe51de00_0 .net "valid", 0 0, v00000223fe51b990_0;  alias, 1 drivers
S_00000223fe4edbb0 .scope function.vec4.u32, "clog2" "clog2" 7 13, 7 13 0, S_00000223fe4eda20;
 .timescale -9 -12;
; Variable clog2 is vec4 return value of scope S_00000223fe4edbb0
v00000223fe51cf00_0 .var/i "i", 31 0;
v00000223fe51d5e0_0 .var/i "value", 31 0;
TD_tb_lab6.dut.uart0.clog2 ;
    %load/vec4 v00000223fe51d5e0_0;
    %cmpi/s 1, 0, 32;
    %flag_or 5, 4;
    %jmp/0xz  T_4.14, 5;
    %pushi/vec4 1, 0, 32;
    %ret/vec4 0, 0, 32;  Assign to clog2 (store_vec4_to_lval)
    %jmp T_4.15;
T_4.14 ;
    %load/vec4 v00000223fe51d5e0_0;
    %subi 1, 0, 32;
    %store/vec4 v00000223fe51d5e0_0, 0, 32;
    %pushi/vec4 0, 0, 32;
    %store/vec4 v00000223fe51cf00_0, 0, 32;
T_4.16 ;
    %load/vec4 v00000223fe51d5e0_0;
    %cmpi/s 0, 0, 32;
    %flag_or 5, 4; GT is !LE
    %flag_inv 5;
    %jmp/0xz T_4.17, 5;
    %load/vec4 v00000223fe51d5e0_0;
    %ix/load 4, 1, 0;
    %flag_set/imm 4, 0;
    %shiftr 4;
    %store/vec4 v00000223fe51d5e0_0, 0, 32;
    %load/vec4 v00000223fe51cf00_0;
    %addi 1, 0, 32;
    %store/vec4 v00000223fe51cf00_0, 0, 32;
    %jmp T_4.16;
T_4.17 ;
    %load/vec4 v00000223fe51cf00_0;
    %ret/vec4 0, 0, 32;  Assign to clog2 (store_vec4_to_lval)
T_4.15 ;
    %end;
    .scope S_00000223fe440490;
T_5 ;
    %wait E_00000223fe499a90;
    %load/vec4 v00000223fe4a6e80_0;
    %nor/r;
    %flag_set/vec4 8;
    %jmp/0xz  T_5.0, 8;
    %pushi/vec4 2048, 0, 12;
    %assign/vec4 v00000223fe4a6840_0, 0;
    %pushi/vec4 2048, 0, 12;
    %assign/vec4 v00000223fe4a7060_0, 0;
    %pushi/vec4 2048, 0, 12;
    %assign/vec4 v00000223fe4a68e0_0, 0;
    %pushi/vec4 0, 0, 27;
    %assign/vec4 v00000223fe4a6980_0, 0;
    %pushi/vec4 0, 0, 1;
    %assign/vec4 v00000223fe4a6fc0_0, 0;
    %jmp T_5.1;
T_5.0 ;
    %load/vec4 v00000223fe4a6840_0;
    %addi 17, 0, 12;
    %assign/vec4 v00000223fe4a6840_0, 0;
    %load/vec4 v00000223fe4a6840_0;
    %assign/vec4 v00000223fe4a7060_0, 0;
    %load/vec4 v00000223fe4a6840_0;
    %inv;
    %assign/vec4 v00000223fe4a68e0_0, 0;
    %load/vec4 v00000223fe4a6980_0;
    %addi 1, 0, 27;
    %assign/vec4 v00000223fe4a6980_0, 0;
    %pushi/vec4 1, 0, 1;
    %assign/vec4 v00000223fe4a6fc0_0, 0;
T_5.1 ;
    %jmp T_5;
    .thread T_5;
    .scope S_00000223fe4ed700;
T_6 ;
    %wait E_00000223fe499a90;
    %load/vec4 v00000223fe51a1d0_0;
    %nor/r;
    %flag_set/vec4 8;
    %jmp/0xz  T_6.0, 8;
    %pushi/vec4 0, 0, 3;
    %assign/vec4 v00000223fe51b490_0, 0;
    %pushi/vec4 0, 0, 16;
    %assign/vec4 v00000223fe51d540_0, 0;
    %pushi/vec4 0, 0, 16;
    %assign/vec4 v00000223fe51b850_0, 0;
    %pushi/vec4 0, 0, 16;
    %assign/vec4 v00000223fe51a8b0_0, 0;
    %pushi/vec4 0, 0, 4;
    %assign/vec4 v00000223fe51b670_0, 0;
    %pushi/vec4 0, 0, 1;
    %assign/vec4 v00000223fe51a310_0, 0;
    %pushi/vec4 0, 0, 1;
    %assign/vec4 v00000223fe51a130_0, 0;
    %pushi/vec4 0, 0, 1;
    %assign/vec4 v00000223fe51ab30_0, 0;
    %pushi/vec4 1, 0, 1;
    %assign/vec4 v00000223fe51b350_0, 0;
    %pushi/vec4 0, 0, 1;
    %assign/vec4 v00000223fe51b030_0, 0;
    %pushi/vec4 0, 0, 1;
    %assign/vec4 v00000223fe51a810_0, 0;
    %jmp T_6.1;
T_6.0 ;
    %pushi/vec4 0, 0, 1;
    %assign/vec4 v00000223fe51a810_0, 0;
    %load/vec4 v00000223fe51b030_0;
    %flag_set/vec4 8;
    %jmp/0xz  T_6.2, 8;
    %load/vec4 v00000223fe51a9f0_0;
    %flag_set/vec4 8;
    %jmp/0xz  T_6.4, 8;
    %pushi/vec4 0, 0, 3;
    %assign/vec4 v00000223fe51b490_0, 0;
    %jmp T_6.5;
T_6.4 ;
    %load/vec4 v00000223fe51b490_0;
    %addi 1, 0, 3;
    %assign/vec4 v00000223fe51b490_0, 0;
T_6.5 ;
    %jmp T_6.3;
T_6.2 ;
    %pushi/vec4 0, 0, 3;
    %assign/vec4 v00000223fe51b490_0, 0;
T_6.3 ;
    %load/vec4 v00000223fe51a950_0;
    %flag_set/vec4 9;
    %flag_get/vec4 9;
    %jmp/0 T_6.8, 9;
    %load/vec4 v00000223fe51b030_0;
    %nor/r;
    %and;
T_6.8;
    %flag_set/vec4 8;
    %jmp/0xz  T_6.6, 8;
    %pushi/vec4 1, 0, 1;
    %assign/vec4 v00000223fe51b030_0, 0;
    %pushi/vec4 0, 0, 1;
    %assign/vec4 v00000223fe51b350_0, 0;
    %pushi/vec4 0, 0, 1;
    %assign/vec4 v00000223fe51ab30_0, 0;
    %load/vec4 v00000223fe51b530_0;
    %assign/vec4 v00000223fe51d540_0, 0;
    %pushi/vec4 0, 0, 16;
    %assign/vec4 v00000223fe51b850_0, 0;
    %pushi/vec4 15, 0, 4;
    %assign/vec4 v00000223fe51b670_0, 0;
    %pushi/vec4 0, 0, 1;
    %assign/vec4 v00000223fe51a310_0, 0;
    %load/vec4 v00000223fe51b530_0;
    %parti/s 1, 15, 5;
    %assign/vec4 v00000223fe51a130_0, 0;
T_6.6 ;
    %load/vec4 v00000223fe51b030_0;
    %flag_set/vec4 9;
    %flag_get/vec4 9;
    %jmp/0 T_6.11, 9;
    %load/vec4 v00000223fe51a9f0_0;
    %and;
T_6.11;
    %flag_set/vec4 8;
    %jmp/0xz  T_6.9, 8;
    %load/vec4 v00000223fe51ab30_0;
    %cmpi/e 0, 0, 1;
    %jmp/0xz  T_6.12, 4;
    %pushi/vec4 1, 0, 1;
    %assign/vec4 v00000223fe51ab30_0, 0;
    %load/vec4 v00000223fe51d540_0;
    %load/vec4 v00000223fe51b670_0;
    %part/u 1;
    %assign/vec4 v00000223fe51a130_0, 0;
    %jmp T_6.13;
T_6.12 ;
    %pushi/vec4 0, 0, 1;
    %assign/vec4 v00000223fe51ab30_0, 0;
    %load/vec4 v00000223fe51b3f0_0;
    %ix/load 5, 0, 0;
    %ix/getv 4, v00000223fe51b670_0;
    %assign/vec4/off/d v00000223fe51b850_0, 4, 5;
    %load/vec4 v00000223fe51b670_0;
    %pad/u 32;
    %cmpi/e 0, 0, 32;
    %jmp/0xz  T_6.14, 4;
    %pushi/vec4 1, 0, 1;
    %assign/vec4 v00000223fe51a310_0, 0;
    %jmp T_6.15;
T_6.14 ;
    %load/vec4 v00000223fe51b670_0;
    %subi 1, 0, 4;
    %assign/vec4 v00000223fe51b670_0, 0;
T_6.15 ;
    %load/vec4 v00000223fe51a310_0;
    %flag_set/vec4 8;
    %jmp/0xz  T_6.16, 8;
    %pushi/vec4 0, 0, 1;
    %assign/vec4 v00000223fe51b030_0, 0;
    %pushi/vec4 1, 0, 1;
    %assign/vec4 v00000223fe51b350_0, 0;
    %pushi/vec4 1, 0, 1;
    %assign/vec4 v00000223fe51a810_0, 0;
    %load/vec4 v00000223fe51b850_0;
    %assign/vec4 v00000223fe51a8b0_0, 0;
    %pushi/vec4 0, 0, 1;
    %assign/vec4 v00000223fe51a310_0, 0;
    %pushi/vec4 0, 0, 1;
    %assign/vec4 v00000223fe51a130_0, 0;
T_6.16 ;
T_6.13 ;
T_6.9 ;
T_6.1 ;
    %jmp T_6;
    .thread T_6;
    .scope S_00000223fe402e90;
T_7 ;
    %wait E_00000223fe499a90;
    %load/vec4 v00000223fe51bc10_0;
    %nor/r;
    %flag_set/vec4 8;
    %jmp/0xz  T_7.0, 8;
    %pushi/vec4 0, 0, 3;
    %assign/vec4 v00000223fe51b2b0_0, 0;
    %pushi/vec4 0, 0, 16;
    %assign/vec4 v00000223fe51bf30_0, 0;
    %pushi/vec4 0, 0, 16;
    %assign/vec4 v00000223fe51b170_0, 0;
    %pushi/vec4 0, 0, 16;
    %assign/vec4 v00000223fe51abd0_0, 0;
    %pushi/vec4 0, 0, 4;
    %assign/vec4 v00000223fe51bb70_0, 0;
    %pushi/vec4 0, 0, 1;
    %assign/vec4 v00000223fe51ba30_0, 0;
    %pushi/vec4 0, 0, 1;
    %assign/vec4 v00000223fe51aef0_0, 0;
    %pushi/vec4 0, 0, 1;
    %assign/vec4 v00000223fe51bd50_0, 0;
    %pushi/vec4 1, 0, 1;
    %assign/vec4 v00000223fe51a450_0, 0;
    %pushi/vec4 0, 0, 1;
    %assign/vec4 v00000223fe51be90_0, 0;
    %pushi/vec4 0, 0, 1;
    %assign/vec4 v00000223fe51bcb0_0, 0;
    %jmp T_7.1;
T_7.0 ;
    %pushi/vec4 0, 0, 1;
    %assign/vec4 v00000223fe51bcb0_0, 0;
    %load/vec4 v00000223fe51be90_0;
    %flag_set/vec4 8;
    %jmp/0xz  T_7.2, 8;
    %load/vec4 v00000223fe51a630_0;
    %flag_set/vec4 8;
    %jmp/0xz  T_7.4, 8;
    %pushi/vec4 0, 0, 3;
    %assign/vec4 v00000223fe51b2b0_0, 0;
    %jmp T_7.5;
T_7.4 ;
    %load/vec4 v00000223fe51b2b0_0;
    %addi 1, 0, 3;
    %assign/vec4 v00000223fe51b2b0_0, 0;
T_7.5 ;
    %jmp T_7.3;
T_7.2 ;
    %pushi/vec4 0, 0, 3;
    %assign/vec4 v00000223fe51b2b0_0, 0;
T_7.3 ;
    %load/vec4 v00000223fe51aa90_0;
    %flag_set/vec4 9;
    %flag_get/vec4 9;
    %jmp/0 T_7.8, 9;
    %load/vec4 v00000223fe51be90_0;
    %nor/r;
    %and;
T_7.8;
    %flag_set/vec4 8;
    %jmp/0xz  T_7.6, 8;
    %pushi/vec4 1, 0, 1;
    %assign/vec4 v00000223fe51be90_0, 0;
    %pushi/vec4 0, 0, 1;
    %assign/vec4 v00000223fe51a450_0, 0;
    %pushi/vec4 0, 0, 1;
    %assign/vec4 v00000223fe51bd50_0, 0;
    %load/vec4 v00000223fe51bdf0_0;
    %assign/vec4 v00000223fe51bf30_0, 0;
    %pushi/vec4 0, 0, 16;
    %assign/vec4 v00000223fe51b170_0, 0;
    %pushi/vec4 15, 0, 4;
    %assign/vec4 v00000223fe51bb70_0, 0;
    %pushi/vec4 0, 0, 1;
    %assign/vec4 v00000223fe51ba30_0, 0;
    %load/vec4 v00000223fe51bdf0_0;
    %parti/s 1, 15, 5;
    %assign/vec4 v00000223fe51aef0_0, 0;
T_7.6 ;
    %load/vec4 v00000223fe51be90_0;
    %flag_set/vec4 9;
    %flag_get/vec4 9;
    %jmp/0 T_7.11, 9;
    %load/vec4 v00000223fe51a630_0;
    %and;
T_7.11;
    %flag_set/vec4 8;
    %jmp/0xz  T_7.9, 8;
    %load/vec4 v00000223fe51bd50_0;
    %cmpi/e 0, 0, 1;
    %jmp/0xz  T_7.12, 4;
    %pushi/vec4 1, 0, 1;
    %assign/vec4 v00000223fe51bd50_0, 0;
    %load/vec4 v00000223fe51ae50_0;
    %ix/load 5, 0, 0;
    %ix/getv 4, v00000223fe51bb70_0;
    %assign/vec4/off/d v00000223fe51b170_0, 4, 5;
    %load/vec4 v00000223fe51bb70_0;
    %pad/u 32;
    %cmpi/e 0, 0, 32;
    %jmp/0xz  T_7.14, 4;
    %pushi/vec4 1, 0, 1;
    %assign/vec4 v00000223fe51ba30_0, 0;
    %jmp T_7.15;
T_7.14 ;
    %load/vec4 v00000223fe51bb70_0;
    %subi 1, 0, 4;
    %assign/vec4 v00000223fe51bb70_0, 0;
T_7.15 ;
    %jmp T_7.13;
T_7.12 ;
    %pushi/vec4 0, 0, 1;
    %assign/vec4 v00000223fe51bd50_0, 0;
    %load/vec4 v00000223fe51bf30_0;
    %load/vec4 v00000223fe51bb70_0;
    %part/u 1;
    %assign/vec4 v00000223fe51aef0_0, 0;
    %load/vec4 v00000223fe51ba30_0;
    %flag_set/vec4 8;
    %jmp/0xz  T_7.16, 8;
    %pushi/vec4 0, 0, 1;
    %assign/vec4 v00000223fe51be90_0, 0;
    %pushi/vec4 1, 0, 1;
    %assign/vec4 v00000223fe51a450_0, 0;
    %pushi/vec4 1, 0, 1;
    %assign/vec4 v00000223fe51bcb0_0, 0;
    %load/vec4 v00000223fe51b170_0;
    %assign/vec4 v00000223fe51abd0_0, 0;
    %pushi/vec4 0, 0, 1;
    %assign/vec4 v00000223fe51ba30_0, 0;
    %pushi/vec4 0, 0, 1;
    %assign/vec4 v00000223fe51aef0_0, 0;
T_7.16 ;
T_7.13 ;
T_7.9 ;
T_7.1 ;
    %jmp T_7;
    .thread T_7;
    .scope S_00000223fe4eda20;
T_8 ;
    %wait E_00000223fe499a90;
    %load/vec4 v00000223fe51dae0_0;
    %nor/r;
    %flag_set/vec4 8;
    %jmp/0xz  T_8.0, 8;
    %pushi/vec4 1, 0, 1;
    %assign/vec4 v00000223fe51c460_0, 0;
    %pushi/vec4 0, 0, 1;
    %assign/vec4 v00000223fe51dea0_0, 0;
    %pushi/vec4 0, 0, 4;
    %assign/vec4 v00000223fe51c820_0, 0;
    %pushi/vec4 0, 0, 4;
    %assign/vec4 v00000223fe51c1e0_0, 0;
    %pushi/vec4 1023, 0, 10;
    %assign/vec4 v00000223fe51dcc0_0, 0;
    %jmp T_8.1;
T_8.0 ;
    %load/vec4 v00000223fe51dea0_0;
    %nor/r;
    %flag_set/vec4 8;
    %jmp/0xz  T_8.2, 8;
    %pushi/vec4 1, 0, 1;
    %assign/vec4 v00000223fe51c460_0, 0;
    %pushi/vec4 0, 0, 4;
    %assign/vec4 v00000223fe51c820_0, 0;
    %pushi/vec4 0, 0, 4;
    %assign/vec4 v00000223fe51c1e0_0, 0;
    %load/vec4 v00000223fe51de00_0;
    %flag_set/vec4 8;
    %jmp/0xz  T_8.4, 8;
    %pushi/vec4 1, 0, 1;
    %load/vec4 v00000223fe51d720_0;
    %concat/vec4; draw_concat_vec4
    %concati/vec4 0, 0, 1;
    %assign/vec4 v00000223fe51dcc0_0, 0;
    %pushi/vec4 0, 0, 1;
    %assign/vec4 v00000223fe51c460_0, 0;
    %pushi/vec4 1, 0, 1;
    %assign/vec4 v00000223fe51dea0_0, 0;
T_8.4 ;
    %jmp T_8.3;
T_8.2 ;
    %load/vec4 v00000223fe51c820_0;
    %pad/u 32;
    %cmpi/e 9, 0, 32;
    %jmp/0xz  T_8.6, 4;
    %pushi/vec4 0, 0, 4;
    %assign/vec4 v00000223fe51c820_0, 0;
    %pushi/vec4 1, 0, 1;
    %load/vec4 v00000223fe51dcc0_0;
    %parti/s 9, 1, 2;
    %concat/vec4; draw_concat_vec4
    %assign/vec4 v00000223fe51dcc0_0, 0;
    %load/vec4 v00000223fe51dcc0_0;
    %parti/s 1, 1, 2;
    %assign/vec4 v00000223fe51c460_0, 0;
    %load/vec4 v00000223fe51c1e0_0;
    %cmpi/e 9, 0, 4;
    %jmp/0xz  T_8.8, 4;
    %pushi/vec4 0, 0, 1;
    %assign/vec4 v00000223fe51dea0_0, 0;
    %pushi/vec4 1, 0, 1;
    %assign/vec4 v00000223fe51c460_0, 0;
    %jmp T_8.9;
T_8.8 ;
    %load/vec4 v00000223fe51c1e0_0;
    %addi 1, 0, 4;
    %assign/vec4 v00000223fe51c1e0_0, 0;
T_8.9 ;
    %jmp T_8.7;
T_8.6 ;
    %load/vec4 v00000223fe51c820_0;
    %addi 1, 0, 4;
    %assign/vec4 v00000223fe51c820_0, 0;
T_8.7 ;
T_8.3 ;
T_8.1 ;
    %jmp T_8;
    .thread T_8;
    .scope S_00000223fe440620;
T_9 ;
    %wait E_00000223fe499a90;
    %load/vec4 v00000223fe4a6520_0;
    %nor/r;
    %flag_set/vec4 8;
    %jmp/0xz  T_9.0, 8;
    %pushi/vec4 0, 0, 3;
    %assign/vec4 v00000223fe4a65c0_0, 0;
    %pushi/vec4 0, 0, 1;
    %assign/vec4 v00000223fe4a71a0_0, 0;
    %pushi/vec4 0, 0, 1;
    %assign/vec4 v00000223fe51b990_0, 0;
    %pushi/vec4 0, 0, 8;
    %assign/vec4 v00000223fe51bad0_0, 0;
    %pushi/vec4 0, 0, 12;
    %assign/vec4 v00000223fe4a6480_0, 0;
    %jmp T_9.1;
T_9.0 ;
    %pushi/vec4 0, 0, 1;
    %assign/vec4 v00000223fe51b990_0, 0;
    %load/vec4 v00000223fe4a65c0_0;
    %dup/vec4;
    %pushi/vec4 0, 0, 3;
    %cmp/u;
    %jmp/1 T_9.2, 6;
    %dup/vec4;
    %pushi/vec4 1, 0, 3;
    %cmp/u;
    %jmp/1 T_9.3, 6;
    %dup/vec4;
    %pushi/vec4 2, 0, 3;
    %cmp/u;
    %jmp/1 T_9.4, 6;
    %dup/vec4;
    %pushi/vec4 3, 0, 3;
    %cmp/u;
    %jmp/1 T_9.5, 6;
    %dup/vec4;
    %pushi/vec4 4, 0, 3;
    %cmp/u;
    %jmp/1 T_9.6, 6;
    %dup/vec4;
    %pushi/vec4 5, 0, 3;
    %cmp/u;
    %jmp/1 T_9.7, 6;
    %pushi/vec4 0, 0, 3;
    %assign/vec4 v00000223fe4a65c0_0, 0;
    %jmp T_9.9;
T_9.2 ;
    %pushi/vec4 0, 0, 1;
    %assign/vec4 v00000223fe4a71a0_0, 0;
    %load/vec4 v00000223fe51a3b0_0;
    %flag_set/vec4 8;
    %jmp/0xz  T_9.10, 8;
    %load/vec4 v00000223fe51af90_0;
    %assign/vec4 v00000223fe4a6480_0, 0;
    %pushi/vec4 1, 0, 1;
    %assign/vec4 v00000223fe4a71a0_0, 0;
    %pushi/vec4 1, 0, 3;
    %assign/vec4 v00000223fe4a65c0_0, 0;
T_9.10 ;
    %jmp T_9.9;
T_9.3 ;
    %load/vec4 v00000223fe51adb0_0;
    %flag_set/vec4 8;
    %jmp/0xz  T_9.12, 8;
    %pushi/vec4 0, 0, 4;
    %store/vec4 v00000223fe4a7240_0, 0, 4;
    %callf/vec4 TD_tb_lab6.dut.sender.nib2ascii, S_00000223fe402d00;
    %assign/vec4 v00000223fe51bad0_0, 0;
    %pushi/vec4 1, 0, 1;
    %assign/vec4 v00000223fe51b990_0, 0;
    %pushi/vec4 2, 0, 3;
    %assign/vec4 v00000223fe4a65c0_0, 0;
T_9.12 ;
    %jmp T_9.9;
T_9.4 ;
    %load/vec4 v00000223fe51adb0_0;
    %flag_set/vec4 8;
    %jmp/0xz  T_9.14, 8;
    %load/vec4 v00000223fe4a6480_0;
    %parti/s 4, 8, 5;
    %store/vec4 v00000223fe4a7240_0, 0, 4;
    %callf/vec4 TD_tb_lab6.dut.sender.nib2ascii, S_00000223fe402d00;
    %assign/vec4 v00000223fe51bad0_0, 0;
    %pushi/vec4 1, 0, 1;
    %assign/vec4 v00000223fe51b990_0, 0;
    %pushi/vec4 3, 0, 3;
    %assign/vec4 v00000223fe4a65c0_0, 0;
T_9.14 ;
    %jmp T_9.9;
T_9.5 ;
    %load/vec4 v00000223fe51adb0_0;
    %flag_set/vec4 8;
    %jmp/0xz  T_9.16, 8;
    %load/vec4 v00000223fe4a6480_0;
    %parti/s 4, 4, 4;
    %store/vec4 v00000223fe4a7240_0, 0, 4;
    %callf/vec4 TD_tb_lab6.dut.sender.nib2ascii, S_00000223fe402d00;
    %assign/vec4 v00000223fe51bad0_0, 0;
    %pushi/vec4 1, 0, 1;
    %assign/vec4 v00000223fe51b990_0, 0;
    %pushi/vec4 4, 0, 3;
    %assign/vec4 v00000223fe4a65c0_0, 0;
T_9.16 ;
    %jmp T_9.9;
T_9.6 ;
    %load/vec4 v00000223fe51adb0_0;
    %flag_set/vec4 8;
    %jmp/0xz  T_9.18, 8;
    %load/vec4 v00000223fe4a6480_0;
    %parti/s 4, 0, 2;
    %store/vec4 v00000223fe4a7240_0, 0, 4;
    %callf/vec4 TD_tb_lab6.dut.sender.nib2ascii, S_00000223fe402d00;
    %assign/vec4 v00000223fe51bad0_0, 0;
    %pushi/vec4 1, 0, 1;
    %assign/vec4 v00000223fe51b990_0, 0;
    %pushi/vec4 5, 0, 3;
    %assign/vec4 v00000223fe4a65c0_0, 0;
T_9.18 ;
    %jmp T_9.9;
T_9.7 ;
    %load/vec4 v00000223fe51adb0_0;
    %flag_set/vec4 8;
    %jmp/0xz  T_9.20, 8;
    %pushi/vec4 10, 0, 8;
    %assign/vec4 v00000223fe51bad0_0, 0;
    %pushi/vec4 1, 0, 1;
    %assign/vec4 v00000223fe51b990_0, 0;
    %pushi/vec4 0, 0, 3;
    %assign/vec4 v00000223fe4a65c0_0, 0;
T_9.20 ;
    %jmp T_9.9;
T_9.9 ;
    %pop/vec4 1;
T_9.1 ;
    %jmp T_9;
    .thread T_9;
    .scope S_00000223fe480950;
T_10 ;
    %wait E_00000223fe499a90;
    %load/vec4 v00000223fe51dfe0_0;
    %nor/r;
    %flag_set/vec4 8;
    %jmp/0xz  T_10.0, 8;
    %pushi/vec4 0, 0, 13;
    %assign/vec4 v00000223fe51caa0_0, 0;
    %pushi/vec4 0, 0, 1;
    %assign/vec4 v00000223fe51cd20_0, 0;
    %jmp T_10.1;
T_10.0 ;
    %pushi/vec4 0, 0, 1;
    %assign/vec4 v00000223fe51cd20_0, 0;
    %load/vec4 v00000223fe51caa0_0;
    %pad/u 32;
    %cmpi/e 4999, 0, 32;
    %jmp/0xz  T_10.2, 4;
    %pushi/vec4 0, 0, 13;
    %assign/vec4 v00000223fe51caa0_0, 0;
    %pushi/vec4 1, 0, 1;
    %assign/vec4 v00000223fe51cd20_0, 0;
    %jmp T_10.3;
T_10.2 ;
    %load/vec4 v00000223fe51caa0_0;
    %addi 1, 0, 13;
    %assign/vec4 v00000223fe51caa0_0, 0;
T_10.3 ;
T_10.1 ;
    %jmp T_10;
    .thread T_10;
    .scope S_00000223fe480950;
T_11 ;
    %wait E_00000223fe499a90;
    %load/vec4 v00000223fe51dfe0_0;
    %nor/r;
    %flag_set/vec4 8;
    %jmp/0xz  T_11.0, 8;
    %pushi/vec4 0, 0, 3;
    %assign/vec4 v00000223fe51d360_0, 0;
    %pushi/vec4 0, 0, 1;
    %assign/vec4 v00000223fe51c960_0, 0;
    %pushi/vec4 0, 0, 1;
    %assign/vec4 v00000223fe51c640_0, 0;
    %pushi/vec4 0, 0, 16;
    %assign/vec4 v00000223fe51ca00_0, 0;
    %pushi/vec4 0, 0, 16;
    %assign/vec4 v00000223fe51c780_0, 0;
    %pushi/vec4 0, 0, 4;
    %assign/vec4 v00000223fe51c3c0_0, 0;
    %pushi/vec4 0, 0, 1;
    %assign/vec4 v00000223fe51dd60_0, 0;
    %pushi/vec4 0, 0, 1;
    %assign/vec4 v00000223fe51d9a0_0, 0;
    %pushi/vec4 0, 0, 12;
    %assign/vec4 v00000223fe51d0e0_0, 0;
    %pushi/vec4 0, 0, 12;
    %assign/vec4 v00000223fe51dc20_0, 0;
    %pushi/vec4 0, 0, 12;
    %assign/vec4 v00000223fe51d040_0, 0;
    %jmp T_11.1;
T_11.0 ;
    %pushi/vec4 0, 0, 1;
    %assign/vec4 v00000223fe51c960_0, 0;
    %pushi/vec4 0, 0, 1;
    %assign/vec4 v00000223fe51c640_0, 0;
    %pushi/vec4 0, 0, 1;
    %assign/vec4 v00000223fe51d9a0_0, 0;
    %load/vec4 v00000223fe51d360_0;
    %dup/vec4;
    %pushi/vec4 0, 0, 3;
    %cmp/u;
    %jmp/1 T_11.2, 6;
    %dup/vec4;
    %pushi/vec4 1, 0, 3;
    %cmp/u;
    %jmp/1 T_11.3, 6;
    %dup/vec4;
    %pushi/vec4 2, 0, 3;
    %cmp/u;
    %jmp/1 T_11.4, 6;
    %dup/vec4;
    %pushi/vec4 3, 0, 3;
    %cmp/u;
    %jmp/1 T_11.5, 6;
    %dup/vec4;
    %pushi/vec4 4, 0, 3;
    %cmp/u;
    %jmp/1 T_11.6, 6;
    %pushi/vec4 0, 0, 3;
    %assign/vec4 v00000223fe51d360_0, 0;
    %jmp T_11.8;
T_11.2 ;
    %load/vec4 v00000223fe51cd20_0;
    %flag_set/vec4 10;
    %flag_get/vec4 10;
    %jmp/0 T_11.12, 10;
    %load/vec4 v00000223fe51d180_0;
    %nor/r;
    %and;
T_11.12;
    %flag_set/vec4 9;
    %flag_get/vec4 9;
    %jmp/0 T_11.11, 9;
    %load/vec4 v00000223fe51c140_0;
    %nor/r;
    %and;
T_11.11;
    %flag_set/vec4 8;
    %jmp/0xz  T_11.9, 8;
    %load/vec4 v00000223fe51c500_0;
    %assign/vec4 v00000223fe51dc20_0, 0;
    %pushi/vec4 3, 0, 4;
    %load/vec4 v00000223fe51c500_0;
    %concat/vec4; draw_concat_vec4
    %assign/vec4 v00000223fe51ca00_0, 0;
    %pushi/vec4 1, 0, 1;
    %assign/vec4 v00000223fe51c960_0, 0;
    %pushi/vec4 1, 0, 3;
    %assign/vec4 v00000223fe51d360_0, 0;
T_11.9 ;
    %jmp T_11.8;
T_11.3 ;
    %load/vec4 v00000223fe51c8c0_0;
    %flag_set/vec4 8;
    %jmp/0xz  T_11.13, 8;
    %pushi/vec4 10, 0, 4;
    %assign/vec4 v00000223fe51c3c0_0, 0;
    %pushi/vec4 2, 0, 3;
    %assign/vec4 v00000223fe51d360_0, 0;
T_11.13 ;
    %jmp T_11.8;
T_11.4 ;
    %load/vec4 v00000223fe51c3c0_0;
    %pad/u 32;
    %cmpi/e 0, 0, 32;
    %jmp/0xz  T_11.15, 4;
    %pushi/vec4 3, 0, 3;
    %assign/vec4 v00000223fe51d360_0, 0;
    %jmp T_11.16;
T_11.15 ;
    %load/vec4 v00000223fe51c3c0_0;
    %subi 1, 0, 4;
    %assign/vec4 v00000223fe51c3c0_0, 0;
T_11.16 ;
    %jmp T_11.8;
T_11.5 ;
    %load/vec4 v00000223fe51c140_0;
    %nor/r;
    %flag_set/vec4 8;
    %jmp/0xz  T_11.17, 8;
    %pushi/vec4 0, 0, 16;
    %assign/vec4 v00000223fe51c780_0, 0;
    %pushi/vec4 1, 0, 1;
    %assign/vec4 v00000223fe51c640_0, 0;
    %pushi/vec4 4, 0, 3;
    %assign/vec4 v00000223fe51d360_0, 0;
T_11.17 ;
    %jmp T_11.8;
T_11.6 ;
    %load/vec4 v00000223fe51cc80_0;
    %flag_set/vec4 8;
    %jmp/0xz  T_11.19, 8;
    %load/vec4 v00000223fe51da40_0;
    %assign/vec4 v00000223fe51d040_0, 0;
    %load/vec4 v00000223fe51d860_0;
    %nor/r;
    %flag_set/vec4 8;
    %jmp/0xz  T_11.21, 8;
    %load/vec4 v00000223fe51da40_0;
    %assign/vec4 v00000223fe51d0e0_0, 0;
    %pushi/vec4 1, 0, 1;
    %assign/vec4 v00000223fe51d9a0_0, 0;
T_11.21 ;
    %pushi/vec4 0, 0, 3;
    %assign/vec4 v00000223fe51d360_0, 0;
T_11.19 ;
    %jmp T_11.8;
T_11.8 ;
    %pop/vec4 1;
T_11.1 ;
    %jmp T_11;
    .thread T_11;
    .scope S_00000223fe474630;
T_12 ;
    %pushi/vec4 0, 0, 1;
    %store/vec4 v00000223fe521590_0, 0, 1;
    %pushi/vec4 0, 0, 1;
    %store/vec4 v00000223fe521d10_0, 0, 1;
    %pushi/vec4 0, 0, 1;
    %store/vec4 v00000223fe520af0_0, 0, 1;
    %end;
    .thread T_12, $init;
    .scope S_00000223fe474630;
T_13 ;
    %delay 50000, 0;
    %load/vec4 v00000223fe521590_0;
    %inv;
    %store/vec4 v00000223fe521590_0, 0, 1;
    %jmp T_13;
    .thread T_13;
    .scope S_00000223fe474630;
T_14 ;
    %wait E_00000223fe4997d0;
    %pushi/vec4 0, 0, 16;
    %store/vec4 v00000223fe520690_0, 0, 16;
    %pushi/vec4 0, 0, 32;
    %store/vec4 v00000223fe521db0_0, 0, 32;
    %jmp T_14;
    .thread T_14;
    .scope S_00000223fe474630;
T_15 ;
    %wait E_00000223fe499790;
    %load/vec4 v00000223fe5218b0_0;
    %nor/r;
    %flag_set/vec4 8;
    %jmp/0xz  T_15.0, 8;
    %load/vec4 v00000223fe520690_0;
    %parti/s 15, 0, 2;
    %load/vec4 v00000223fe5220d0_0;
    %concat/vec4; draw_concat_vec4
    %store/vec4 v00000223fe520690_0, 0, 16;
    %load/vec4 v00000223fe521db0_0;
    %addi 1, 0, 32;
    %store/vec4 v00000223fe521db0_0, 0, 32;
T_15.0 ;
    %jmp T_15;
    .thread T_15;
    .scope S_00000223fe474630;
T_16 ;
    %wait E_00000223fe499950;
    %load/vec4 v00000223fe521db0_0;
    %cmpi/e 16, 0, 32;
    %jmp/0xz  T_16.0, 4;
    %load/vec4 v00000223fe520690_0;
    %parti/s 12, 0, 2;
    %assign/vec4 v00000223fe521ef0_0, 0;
T_16.0 ;
    %jmp T_16;
    .thread T_16;
    .scope S_00000223fe474630;
T_17 ;
    %wait E_00000223fe498f90;
    %load/vec4 v00000223fe521ef0_0;
    %concati/vec4 0, 0, 4;
    %store/vec4 v00000223fe521c70_0, 0, 16;
    %load/vec4 v00000223fe521c70_0;
    %parti/s 1, 15, 5;
    %store/vec4 v00000223fe520af0_0, 0, 1;
    %jmp T_17;
    .thread T_17;
    .scope S_00000223fe474630;
T_18 ;
    %wait E_00000223fe498f50;
    %load/vec4 v00000223fe521b30_0;
    %nor/r;
    %flag_set/vec4 8;
    %jmp/0xz  T_18.0, 8;
    %load/vec4 v00000223fe521c70_0;
    %parti/s 15, 0, 2;
    %concati/vec4 0, 0, 1;
    %store/vec4 v00000223fe521c70_0, 0, 16;
    %load/vec4 v00000223fe521c70_0;
    %parti/s 1, 15, 5;
    %store/vec4 v00000223fe520af0_0, 0, 1;
T_18.0 ;
    %jmp T_18;
    .thread T_18;
    .scope S_00000223fe474630;
T_19 ;
    %vpi_call/w 3 85 "$dumpfile", "wave.vcd" {0 0 0};
    %vpi_call/w 3 86 "$dumpvars", 32'sb00000000000000000000000000000000, S_00000223fe474630 {0 0 0};
    %pushi/vec4 20, 0, 32;
T_19.0 %dup/vec4;
    %pushi/vec4 0, 0, 32;
    %cmp/s;
    %jmp/1xz T_19.1, 5;
    %jmp/1 T_19.1, 4;
    %pushi/vec4 1, 0, 32;
    %sub;
    %wait E_00000223fe499890;
    %jmp T_19.0;
T_19.1 ;
    %pop/vec4 1;
    %pushi/vec4 1, 0, 1;
    %store/vec4 v00000223fe521d10_0, 0, 1;
    %pushi/vec4 50000, 0, 32;
T_19.2 %dup/vec4;
    %pushi/vec4 0, 0, 32;
    %cmp/s;
    %jmp/1xz T_19.3, 5;
    %jmp/1 T_19.3, 4;
    %pushi/vec4 1, 0, 32;
    %sub;
    %wait E_00000223fe499890;
    %jmp T_19.2;
T_19.3 ;
    %pop/vec4 1;
    %vpi_call/w 3 94 "$display", "TB finished" {0 0 0};
    %vpi_call/w 3 95 "$finish" {0 0 0};
    %end;
    .thread T_19;
# The file index is used to find the file name in the following table.
:file_names 8;
    "N/A";
    "<interactive>";
    "-";
    "tb_lab6.v";
    "lab6_top.v";
    "uart_send_hex12_line.v";
    "spi_master_mode0.v";
    "uart_tx_8n1.v";
